Hello from Frame TypeScript!